09:13:16Z  PV     975 W | house    459 W | battery    515 W (charging) | grid      0 W (idle) | SoC 63 %
09:13:19Z  PV     970 W | house    415 W | battery    482 W (charging) | grid     72 W (export) | SoC 63 %
09:13:20Z  PV     963 W | house    403 W | battery    476 W (charging) | grid     83 W (export) | SoC 63 %
09:13:22Z  PV     967 W | house    403 W | battery    472 W (charging) | grid     92 W (export) | SoC 63 %
09:13:24Z  PV     972 W | house    406 W | battery    474 W (charging) | grid     92 W (export) | SoC 63 %
09:13:25Z  PV     974 W | house    401 W | battery    481 W (charging) | grid     92 W (export) | SoC 63 %
09:13:28Z  PV     970 W | house    392 W | battery    496 W (charging) | grid     82 W (export) | SoC 63 %
09:13:28Z  PV     972 W | house    395 W | battery    498 W (charging) | grid     79 W (export) | SoC 63 %
09:13:31Z  PV     970 W | house    397 W | battery    504 W (charging) | grid     68 W (export) | SoC 63 %
09:13:32Z  PV     969 W | house    394 W | battery    506 W (charging) | grid     68 W (export) | SoC 63 %
09:13:34Z  PV     970 W | house    414 W | battery    502 W (charging) | grid     55 W (export) | SoC 63 %
09:13:36Z  PV     976 W | house    411 W | battery    511 W (charging) | grid     54 W (export) | SoC 63 %
09:13:38Z  PV     979 W | house    421 W | battery    508 W (charging) | grid     50 W (export) | SoC 63 %
09:13:40Z  PV     985 W | house    406 W | battery    518 W (charging) | grid     61 W (export) | SoC 63 %
09:13:41Z  PV     981 W | house    466 W | battery    515 W (charging) | grid      0 W (idle) | SoC 63 %
09:13:44Z  PV     981 W | house    416 W | battery    510 W (charging) | grid     55 W (export) | SoC 63 %
09:13:44Z  PV     977 W | house    410 W | battery    511 W (charging) | grid     56 W (export) | SoC 63 %
09:13:47Z  PV     971 W | house    402 W | battery    507 W (charging) | grid     62 W (export) | SoC 63 %
09:13:48Z  PV     965 W | house    394 W | battery    509 W (charging) | grid     61 W (export) | SoC 63 %
09:13:51Z  PV     965 W | house    393 W | battery    503 W (charging) | grid     68 W (export) | SoC 63 %
09:13:52Z  PV     965 W | house    406 W | battery    496 W (charging) | grid     63 W (export) | SoC 63 %
09:13:54Z  PV     966 W | house    393 W | battery    499 W (charging) | grid     74 W (export) | SoC 63 %
09:13:56Z  PV     965 W | house    392 W | battery    497 W (charging) | grid     76 W (export) | SoC 63 %
09:13:57Z  PV     968 W | house    396 W | battery    489 W (charging) | grid     83 W (export) | SoC 63 %
09:14:00Z  PV     971 W | house    399 W | battery    502 W (charging) | grid     70 W (export) | SoC 63 %
09:14:00Z  PV     971 W | house    402 W | battery    501 W (charging) | grid     69 W (export) | SoC 63 %
09:14:03Z  PV     986 W | house    414 W | battery    506 W (charging) | grid     66 W (export) | SoC 63 %
09:14:04Z  PV     989 W | house    418 W | battery    505 W (charging) | grid     66 W (export) | SoC 63 %
09:14:07Z  PV    1009 W | house    431 W | battery    521 W (charging) | grid     56 W (export) | SoC 63 %
09:14:08Z  PV    1011 W | house    425 W | battery    527 W (charging) | grid     59 W (export) | SoC 63 %
09:14:10Z  PV    1040 W | house    431 W | battery    545 W (charging) | grid     64 W (export) | SoC 63 %
09:14:12Z  PV    1066 W | house    427 W | battery    584 W (charging) | grid     55 W (export) | SoC 63 %
09:14:13Z  PV    1077 W | house    426 W | battery    599 W (charging) | grid     53 W (export) | SoC 63 %
09:14:16Z  PV    1109 W | house    479 W | battery    630 W (charging) | grid      0 W (idle) | SoC 63 %
09:14:16Z  PV    1118 W | house    475 W | battery    643 W (charging) | grid      0 W (idle) | SoC 63 %
09:14:19Z  PV    1170 W | house    471 W | battery    699 W (charging) | grid      0 W (idle) | SoC 63 %
09:14:20Z  PV    1173 W | house    472 W | battery    701 W (charging) | grid      0 W (idle) | SoC 63 %
09:14:23Z  PV    1241 W | house    496 W | battery    745 W (charging) | grid      0 W (idle) | SoC 64 %
09:14:24Z  PV    1273 W | house    501 W | battery    773 W (charging) | grid      0 W (idle) | SoC 64 %
09:14:26Z  PV    1322 W | house    509 W | battery    813 W (charging) | grid      0 W (idle) | SoC 64 %
09:14:28Z  PV    1422 W | house    496 W | battery    858 W (charging) | grid     68 W (export) | SoC 64 %
09:14:29Z  PV    1531 W | house    518 W | battery    900 W (charging) | grid    114 W (export) | SoC 64 %
09:14:32Z  PV    1657 W | house    461 W | battery   1020 W (charging) | grid    177 W (export) | SoC 64 %
09:14:32Z  PV    1658 W | house    449 W | battery   1039 W (charging) | grid    170 W (export) | SoC 64 %
09:14:35Z  PV    1606 W | house    437 W | battery    988 W (charging) | grid    181 W (export) | SoC 64 %
09:14:36Z  PV    1585 W | house    431 W | battery    968 W (charging) | grid    187 W (export) | SoC 64 %
09:14:39Z  PV    1411 W | house    375 W | battery    872 W (charging) | grid    164 W (export) | SoC 64 %
09:14:40Z  PV    1332 W | house    375 W | battery    822 W (charging) | grid    135 W (export) | SoC 64 %
09:14:42Z  PV    1228 W | house    413 W | battery    707 W (charging) | grid    108 W (export) | SoC 64 %
09:14:44Z  PV    1197 W | house    397 W | battery    702 W (charging) | grid     98 W (export) | SoC 64 %
09:14:45Z  PV    1179 W | house    413 W | battery    699 W (charging) | grid     67 W (export) | SoC 64 %
09:14:48Z  PV    1126 W | house    422 W | battery    704 W (charging) | grid      0 W (idle) | SoC 64 %
09:14:48Z  PV    1122 W | house    420 W | battery    702 W (charging) | grid      0 W (idle) | SoC 64 %
09:14:52Z  PV    1067 W | house    392 W | battery    675 W (charging) | grid      0 W (idle) | SoC 64 %
09:14:52Z  PV    1065 W | house    392 W | battery    674 W (charging) | grid      0 W (idle) | SoC 64 %
09:14:55Z  PV    1045 W | house    403 W | battery    642 W (charging) | grid      0 W (idle) | SoC 64 %
09:14:56Z  PV    1041 W | house    401 W | battery    640 W (charging) | grid      0 W (idle) | SoC 64 %
09:14:58Z  PV    1034 W | house    404 W | battery    631 W (charging) | grid      0 W (idle) | SoC 64 %
09:15:00Z  PV    1026 W | house    397 W | battery    629 W (charging) | grid      0 W (idle) | SoC 64 %
09:15:01Z  PV    1022 W | house    399 W | battery    623 W (charging) | grid      0 W (idle) | SoC 64 %
09:15:04Z  PV    1015 W | house    406 W | battery    610 W (charging) | grid      0 W (idle) | SoC 64 %
09:15:04Z  PV    1014 W | house    407 W | battery    607 W (charging) | grid      0 W (idle) | SoC 64 %
09:15:08Z  PV    1008 W | house    404 W | battery    604 W (charging) | grid      0 W (idle) | SoC 64 %
09:15:08Z  PV    1008 W | house    405 W | battery    603 W (charging) | grid      0 W (idle) | SoC 64 %
09:15:11Z  PV     999 W | house    416 W | battery    583 W (charging) | grid      0 W (idle) | SoC 64 %
09:15:12Z  PV     996 W | house    422 W | battery    574 W (charging) | grid      0 W (idle) | SoC 64 %
09:15:14Z  PV     990 W | house    431 W | battery    559 W (charging) | grid      0 W (idle) | SoC 64 %
09:15:16Z  PV     984 W | house    424 W | battery    560 W (charging) | grid      0 W (idle) | SoC 64 %
09:15:17Z  PV     980 W | house    436 W | battery    544 W (charging) | grid      0 W (idle) | SoC 64 %
09:15:20Z  PV     982 W | house    445 W | battery    537 W (charging) | grid      0 W (idle) | SoC 64 %
09:15:21Z  PV     975 W | house    431 W | battery    545 W (charging) | grid      0 W (idle) | SoC 64 %
09:15:24Z  PV     975 W | house    424 W | battery    551 W (charging) | grid      0 W (idle) | SoC 64 %
09:15:28Z  PV     978 W | house    527 W | battery    546 W (charging) | grid     95 W (import) | SoC 64 %
09:15:28Z  PV     978 W | house    530 W | battery    540 W (charging) | grid     92 W (import) | SoC 64 %
09:15:31Z  PV     981 W | house    563 W | battery    361 W (charging) | grid     56 W (export) | SoC 64 %
09:15:32Z  PV     981 W | house    551 W | battery    320 W (charging) | grid    110 W (export) | SoC 64 %
09:15:34Z  PV     980 W | house    552 W | battery    248 W (charging) | grid    180 W (export) | SoC 64 %
09:15:36Z  PV     978 W | house    553 W | battery    212 W (charging) | grid    213 W (export) | SoC 64 %
09:15:37Z  PV     977 W | house    445 W | battery    207 W (charging) | grid    324 W (export) | SoC 64 %
09:15:40Z  PV     973 W | house    430 W | battery    323 W (charging) | grid    220 W (export) | SoC 64 %
09:15:40Z  PV     975 W | house    440 W | battery    359 W (charging) | grid    176 W (export) | SoC 64 %
09:15:44Z  PV     970 W | house    516 W | battery    453 W (charging) | grid      0 W (idle) | SoC 64 %
09:15:44Z  PV     970 W | house    514 W | battery    456 W (charging) | grid      0 W (idle) | SoC 64 %
09:15:47Z  PV     969 W | house    500 W | battery    468 W (charging) | grid      0 W (idle) | SoC 64 %
09:15:48Z  PV     967 W | house    489 W | battery    477 W (charging) | grid      0 W (idle) | SoC 64 %
09:15:50Z  PV     966 W | house    482 W | battery    484 W (charging) | grid      0 W (idle) | SoC 64 %
09:15:52Z  PV     965 W | house    473 W | battery    491 W (charging) | grid      0 W (idle) | SoC 64 %
09:15:53Z  PV     966 W | house    479 W | battery    488 W (charging) | grid      0 W (idle) | SoC 64 %
09:15:56Z  PV     965 W | house    469 W | battery    496 W (charging) | grid      0 W (idle) | SoC 64 %
09:16:00Z  PV     961 W | house    464 W | battery    497 W (charging) | grid      0 W (idle) | SoC 64 %
09:16:00Z  PV     960 W | house    464 W | battery    496 W (charging) | grid      0 W (idle) | SoC 64 %
09:16:03Z  PV     958 W | house    465 W | battery    493 W (charging) | grid      0 W (idle) | SoC 64 %
09:16:04Z  PV     958 W | house    465 W | battery    492 W (charging) | grid      0 W (idle) | SoC 64 %
09:16:06Z  PV     955 W | house    463 W | battery    492 W (charging) | grid      0 W (idle) | SoC 64 %
09:16:08Z  PV     954 W | house    463 W | battery    491 W (charging) | grid      0 W (idle) | SoC 64 %
09:16:09Z  PV     954 W | house    465 W | battery    490 W (charging) | grid      0 W (idle) | SoC 64 %
09:16:12Z  PV     954 W | house    468 W | battery    487 W (charging) | grid      0 W (idle) | SoC 64 %
09:16:12Z  PV     954 W | house    468 W | battery    486 W (charging) | grid      0 W (idle) | SoC 64 %
09:16:16Z  PV     953 W | house    468 W | battery    485 W (charging) | grid      0 W (idle) | SoC 64 %
09:16:19Z  PV     954 W | house    470 W | battery    484 W (charging) | grid      0 W (idle) | SoC 64 %
09:16:20Z  PV     954 W | house    470 W | battery    484 W (charging) | grid      0 W (idle) | SoC 64 %
09:16:22Z  PV     952 W | house    473 W | battery    479 W (charging) | grid      0 W (idle) | SoC 64 %
09:16:24Z  PV     952 W | house    470 W | battery    482 W (charging) | grid      0 W (idle) | SoC 64 %
09:16:25Z  PV     952 W | house    475 W | battery    477 W (charging) | grid      0 W (idle) | SoC 64 %
09:16:28Z  PV     950 W | house    467 W | battery    483 W (charging) | grid      0 W (idle) | SoC 64 %
09:16:28Z  PV     950 W | house    470 W | battery    480 W (charging) | grid      0 W (idle) | SoC 64 %
09:16:32Z  PV     948 W | house    468 W | battery    480 W (charging) | grid      0 W (idle) | SoC 64 %
09:16:35Z  PV     950 W | house    471 W | battery    480 W (charging) | grid      0 W (idle) | SoC 64 %
09:16:36Z  PV     951 W | house    471 W | battery    480 W (charging) | grid      0 W (idle) | SoC 64 %
09:16:38Z  PV     952 W | house    472 W | battery    480 W (charging) | grid      0 W (idle) | SoC 64 %
09:16:40Z  PV     954 W | house    476 W | battery    478 W (charging) | grid      0 W (idle) | SoC 64 %
09:16:41Z  PV     955 W | house    472 W | battery    483 W (charging) | grid      0 W (idle) | SoC 64 %
09:16:44Z  PV     953 W | house    469 W | battery    483 W (charging) | grid      0 W (idle) | SoC 64 %
09:16:45Z  PV     953 W | house    470 W | battery    483 W (charging) | grid      0 W (idle) | SoC 64 %
09:16:48Z  PV     953 W | house    470 W | battery    484 W (charging) | grid      0 W (idle) | SoC 64 %
09:16:48Z  PV     953 W | house    470 W | battery    483 W (charging) | grid      0 W (idle) | SoC 64 %
09:16:51Z  PV     953 W | house    470 W | battery    483 W (charging) | grid      0 W (idle) | SoC 64 %
09:16:52Z  PV     955 W | house    472 W | battery    483 W (charging) | grid      0 W (idle) | SoC 64 %
09:16:54Z  PV     957 W | house    477 W | battery    480 W (charging) | grid      0 W (idle) | SoC 64 %
09:16:56Z  PV     954 W | house    472 W | battery    482 W (charging) | grid      0 W (idle) | SoC 64 %
09:16:57Z  PV     953 W | house    477 W | battery    476 W (charging) | grid      0 W (idle) | SoC 64 %
09:17:00Z  PV     954 W | house    474 W | battery    480 W (charging) | grid      0 W (idle) | SoC 64 %
09:17:00Z  PV     953 W | house    473 W | battery    480 W (charging) | grid      0 W (idle) | SoC 64 %
09:17:04Z  PV     953 W | house    473 W | battery    480 W (charging) | grid      0 W (idle) | SoC 64 %
09:17:07Z  PV     955 W | house    475 W | battery    480 W (charging) | grid      0 W (idle) | SoC 64 %
09:17:08Z  PV     955 W | house    474 W | battery    481 W (charging) | grid      0 W (idle) | SoC 64 %
09:17:10Z  PV     955 W | house    474 W | battery    481 W (charging) | grid      0 W (idle) | SoC 64 %
09:17:12Z  PV     956 W | house    472 W | battery    484 W (charging) | grid      0 W (idle) | SoC 64 %
09:17:13Z  PV     956 W | house    470 W | battery    486 W (charging) | grid      0 W (idle) | SoC 64 %
09:17:16Z  PV     956 W | house    473 W | battery    483 W (charging) | grid      0 W (idle) | SoC 64 %
09:17:17Z  PV     956 W | house    469 W | battery    487 W (charging) | grid      0 W (idle) | SoC 64 %
