10:29:00Z  PV    1511 W | house    480 W | battery    980 W (charging) | grid     52 W (export) | SoC 73 %
10:30:00Z  PV    1544 W | house    618 W | battery    926 W (charging) | grid      0 W (idle) | SoC 74 %
10:31:00Z  PV    1547 W | house    632 W | battery    910 W (charging) | grid      5 W (export) | SoC 74 %
10:32:00Z  PV    1566 W | house    621 W | battery    942 W (charging) | grid      3 W (export) | SoC 74 %
10:33:00Z  PV    1529 W | house    607 W | battery    846 W (charging) | grid     76 W (export) | SoC 74 %
10:34:00Z  PV    1555 W | house    620 W | battery    933 W (charging) | grid      2 W (export) | SoC 74 %
10:35:00Z  PV    1645 W | house    636 W | battery    999 W (charging) | grid     10 W (export) | SoC 74 %
10:36:00Z  PV    1867 W | house    616 W | battery   1178 W (charging) | grid     73 W (export) | SoC 75 %
10:37:00Z  PV    2421 W | house    632 W | battery   1501 W (charging) | grid    288 W (export) | SoC 75 %
10:38:00Z  PV    2678 W | house    683 W | battery   1625 W (charging) | grid    370 W (export) | SoC 75 %
10:39:00Z  PV    4082 W | house    758 W | battery   2400 W (charging) | grid    925 W (export) | SoC 76 %
10:40:00Z  PV    2503 W | house    682 W | battery   1417 W (charging) | grid    404 W (export) | SoC 76 %
10:41:00Z  PV    1633 W | house    654 W | battery    948 W (charging) | grid     31 W (export) | SoC 76 %
10:42:00Z  PV    1341 W | house    696 W | battery    636 W (charging) | grid      9 W (export) | SoC 76 %
10:43:00Z  PV    1194 W | house    682 W | battery    499 W (charging) | grid     13 W (export) | SoC 76 %
10:44:00Z  PV    1156 W | house    684 W | battery    473 W (charging) | grid      0 W (idle) | SoC 76 %
10:45:00Z  PV    1151 W | house    653 W | battery    497 W (charging) | grid      0 W (idle) | SoC 76 %
10:46:00Z  PV    1141 W | house    483 W | battery    658 W (charging) | grid      0 W (idle) | SoC 77 %
10:47:00Z  PV    1069 W | house    476 W | battery    560 W (charging) | grid     33 W (export) | SoC 77 %
10:48:00Z  PV    1144 W | house    480 W | battery    664 W (charging) | grid      0 W (idle) | SoC 77 %
10:49:00Z  PV    1163 W | house    465 W | battery    691 W (charging) | grid      7 W (export) | SoC 77 %
10:50:00Z  PV    1187 W | house    437 W | battery    750 W (charging) | grid      0 W (idle) | SoC 77 %
10:51:00Z  PV    1223 W | house    458 W | battery    760 W (charging) | grid      5 W (export) | SoC 77 %
